cd portfolio
echo "# Portfolio_NextJs" >> README.md
git init
git add README.md
git add .
git commit -m "first commit"
  git config --global user.email "sanaaennaji93@gmail.com"
git config --global user.name "sanaa ennaji"
git commit -m "first commit"
git branch -M main
git remote add origin https://github.com/sanaa-ennaji/Portfolio_NextJs.git
git push -u origin main
 ls
echo "# KM_AI_tool" >> README.md
git init
git add README.md
git add .
git commit -m "envirment setup"
git branch -M main
git remote add origin https://github.com/sanaa-ennaji/KM_AI_tool.git
git push -u origin main
git config --global --add safe.directory '//wsl.localhost/Ubuntu/home/sanaa/kmapp'
git add .
git commit -m "envirment setup"
git branch -M main
git remote add origin https://github.com/sanaa-ennaji/KM_AI_tool.git
git push -u origin main
echo "# EcoMove" >> README.md
git init
git add .
git commit - "envirment"
git commit -m "envirment"
git add README.md
git add .
sanaa@YouCode MINGW64 ~/eclipse-workspace/TransportReservationSystem
$ echo "# EcoMove" >> README.md
sanaa@YouCode MINGW64 ~/eclipse-workspace/TransportReservationSystem
$ git init
Initialized empty Git repository in C:/Users/sanaa/eclipse-workspace/TransportReservationSystem/.git/
sanaa@YouCode MINGW64 ~/eclipse-workspace/TransportReservationSystem
$ git add .
fatal: detected dubious ownership in repository at 'C:/Users/sanaa/eclipse-workspace/TransportReservationSystem'
'C:/Users/sanaa/eclipse-workspace/TransportReservationSystem' is owned by:
        BUILTIN/Administrateurs (S-1-5-32-544)
but the current user is:
        YouCode/sanaa (S-1-5-21-2000816988-543184919-2720757551-1001)
To add an exception for this directory, call:
        git config --global --add safe.directory C:/Users/sanaa/eclipse-workspace/TransportReservationSystem
sanaa@YouCode MINGW64 ~/eclipse-workspace/TransportReservationSystem
$ git commit - "envirment"
fatal: detected dubious ownership in repository at 'C:/Users/sanaa/eclipse-workspace/TransportReservationSystem'
'C:/Users/sanaa/eclipse-workspace/TransportReservationSystem' is owned by:
        BUILTIN/Administrateurs (S-1-5-32-544)
but the current user is:
        YouCode/sanaa (S-1-5-21-2000816988-543184919-2720757551-1001)
To add an exception for this directory, call:
        git config --global --add safe.directory C:/Users/sanaa/eclipse-workspace/TransportReservationSystem
sanaa@YouCode MINGW64 ~/eclipse-workspace/TransportReservationSystem
$ git commit -m "envirment"
fatal: detected dubious ownership in repository at 'C:/Users/sanaa/eclipse-workspace/TransportReservationSystem'
'C:/Users/sanaa/eclipse-workspace/TransportReservationSystem' is owned by:
        BUILTIN/Administrateurs (S-1-5-32-544)
but the current user is:
        YouCode/sanaa (S-1-5-21-2000816988-543184919-2720757551-1001)
To add an exception for this directory, call:
        git config --global --add safe.directory C:/Users/sanaa/eclipse-workspace/TransportReservationSystem
sanaa@YouCode MINGW64 ~/eclipse-workspace/TransportReservationSystem
$ git add README.md
fatal: detected dubious ownership in repository at 'C:/Users/sanaa/eclipse-workspace/TransportReservationSystem'
'C:/Users/sanaa/eclipse-workspace/TransportReservationSystem' is owned by:
        BUILTIN/Administrateurs (S-1-5-32-544)
but the current user is:
        YouCode/sanaa (S-1-5-21-2000816988-543184919-2720757551-1001)
To add an exception for this directory, call:
        git config --global --add safe.directory C:/Users/sanaa/eclipse-workspace/TransportReservationSystem
sanaa@YouCode MINGW64 ~/eclipse-workspace/TransportReservationSystem
$ git add .
fatal: detected dubious ownership in repository at 'C:/Users/sanaa/eclipse-workspace/TransportReservationSystem'
'C:/Users/sanaa/eclipse-workspace/TransportReservationSystem' is owned by:
        BUILTIN/Administrateurs (S-1-5-32-544)
but the current user is:
        YouCode/sanaa (S-1-5-21-2000816988-543184919-2720757551-1001)
To add an exception for this directory, call:
        git config --global --add safe.directory C:/Users/sanaa/eclipse-workspace/TransportReservationSystem
sanaa@YouCo
git commit -m "first commit"
git add .
git commit -m "first commit"
git branch -M main
git remote add origin https://github.com/sanaa-ennaji/EcoMove.git
git push -u origin main
mvn
echo "# EcoMove" >> README.md
git init
git add README.md
git commit -m "first commit"
git branch -M main
git add .
git commit -m "first commit"
sanaa@YouCode MINGW64 ~/IdeaProjects/transport
$ echo "# EcoMove" >> README.md
sanaa@YouCode MINGW64 ~/IdeaProjects/transport
$ git init
Initialized empty Git repository in C:/Users/sanaa/IdeaProjects/transport/.git/
sanaa@YouCode MINGW64 ~/IdeaProjects/transport (master)
$ git add README.md
warning: in the working copy of 'README.md', LF will be replaced by CRLF the next time Git touches it
sanaa@YouCode MINGW64 ~/IdeaProjects/transport (master)
$ git commit -m "first commit"
[master (root-commit) 098e703] first commit
 1 file changed, 1 insertion(+)
 create mode 100644 README.md
sanaa@YouCode MINGW64 ~/IdeaProjects/transport (master)
$ git branch -M main
sanaa@YouCode MINGW64 ~/IdeaProjects/transport (main)
$ git add .
warning: in the working copy of '.gitignore', LF will be replaced by CRLF the next time Git touches it
warning: in the working copy of 'src/Main.java', LF will be replaced by CRLF the next time Git touches it
sanaa@YouCode MINGW64 ~/IdeaProjects/transport (main)
$ git commit -m "first commit"
[main 963d140] first commit
 9 files changed, 188 insertions(+)
 create mode 100644 .gitignore
 create mode 100644 .idea/.gitignore
 create mode 100644 .idea/libraries/postgresql_42_7_4.xml
 create mode 100644 .idea/misc.xml
 create mode 100644 .idea/modules.xml
 create mode 100644 database.sql
 create mode 100644 src/Main.java
 create mode 100644 src/util/DatabaseConnection.java
 create mode 100644 transport.iml
sanaa@YouCode MINGW64 ~/IdeaProjects/transport (main)
$
git remote add origin https://github.com/sanaa-ennaji/EcoMove.git
git push -u origin main
git add .
git commit -m "models"
git push -u origin main
git add .
git commit -m "add changes"
git push
git add .
git commit -m "add UML" 
git push
git add .
git commit -m "add the dao and dao interfaces" 
git push
git pull origin main
git push origin main
git config --list
git init
git add line.c
clear
git add .
git commit -m "change db class"
git push
git pull origin main
git add .
git push 
git add .
git commit -m "change db class"
git push 
git config --global user.email "safiakhoulaid11@gmail.com"
git config --global user.email "safia"
git config
git config --list
clear
gitconfig --global user.nale "safia"
gitconfig --global user.name "safia"
git config --global user.name "safia"
git config --global user.email "safiakhoulaid@gmail.com"
git config --list
git config --global user.email "safiakhoulaid11@gmail.com"
git config --list
git init
git add .
git commit -m " add services files"
git push origin main
git add .
git commit -m " add services files"
git push
git config --global user.email "sanaaennaji93@gmail.com"
git config --global user.name "sanaa-ennaji"
git add .
git commit -m " add services files"
git push
git rebase -i 845a98c401e8fdc6f97868ceeb64d081e0493a32
git rebase -i 845a98c401e8fdc6f97868ceeb64d081e0493a32
 git rebase (--continue)
git status
git rebase --continue
git rebase -i HEAD~n
git rebase -i 845a98c401e8fdc6f97868ceeb64d081e0493a32
git rebase -i HEAD~2
git rebase --continue
git rebase -i HEAD~2
git commit --amend --no-edit --author="sanaa-ennaji  <sanaaennaji93@gmail.com>"
git rebase --continue
git commit --amend --no-edit --author="sanaa-ennaji  <sanaaennaji93@gmail.com>
git rebase --continue
git reset --soft HEAD~2
git config --global user.email "safiakhoulaid11@gmail.com"
git config --global user.name "sanaa-ennaji"
git config --global user.email "safiakhoulaid11@gmail.com"
git config --global user.name "safia"
git reset --soft HEAD~2
git status
git pull
git reset --hard HEAD~2
git push origin branch-name --force
git config --global user.email "sanaaennaji93@gmail.com"
git config --global user.name "sanaa-ennaji"
git add .
git commit -m " add services files"
git add .
git commit -m " add services files"
git push
git push origin main --force
git pull
git remote add new-origin https://github.com/sanaa-ennaji/EcoMovee.git
git push new-origin
git add .
git commit -m "add"
git add .
git commit -m "add"
git push 
git push new-origin
git add .
git commit -m "add changes"

git remote origin https://github.com/sanaa-ennaji/EcoMovee.git
git remote  https://github.com/sanaa-ennaji/EcoMovee.git
git remote add new-origin https://github.com/sanaa-ennaji/EcoMovee.git
git push new-origin
git pull new-origin main
git push new-origin
git pull new-origin main
git add .
git commit -m "add"
git push new-origin
git add .
gir commit -m "add ui partenaire"
git commit -m "add ui partenaire"

git remote add origin https://github.com/sanaa-ennaji/EcoMovee.git
git remote  origin https://github.com/sanaa-ennaji/EcoMovee.git
git push new-origin
git pull
git pull
echo "# polymorphisme-JAVA" >> README.md
git init
git add .
git commit -m "add class"
git branch -M main
git remote add origin https://github.com/sanaa-ennaji/polymorphisme-JAVA.git
git push -u origin main
git remote  https://github.com/sanaa-ennaji/EcoMovee.git
git add .
git commit -m "add"
git push new-origin
git add .
git commit -m "add contrat logic"
git push 
git add .
git commit -m "update"
git add .
git commit -m "update"
git push new-origin
git add .
git commit -m "update"
git add .
git commit -m "update"
git add .
git commit -m "add changes"
git add .
git commit -m "refactoring code"
git add .
git commit -m "add promotion error resolved"
git add .
git commit -m "add promotion diplay"
git add /assets
git commit -m "add pic"
git push assets
git add .
git commit -m "add display by id"
git add .
git commit -m "refactoring"
git remote add new-origin https://github.com/sanaa-ennaji/EcoMove.1.2.git
git remote add new-origin https://github.com/sanaa-ennaji/EcoMove.1.2.git

git remote add new-origin https://github.com/sanaa-ennaji/EcoMove1.2.git
git add .
git commit -m "refactoring the code"
git add .
git commit -m " still refactoring"
git add .
git commit -m "enough commits for this version"
gir remote origin https://github.com/sanaa-ennaji/to-do-list-C.git
git remote origin https://github.com/sanaa-ennaji/to-do-list-C.git
echo "# EcoMove1.2" >> README.md
git init
git add .
git commit - "refactoring the version 1 of the project"
git commit -m "refactoring the version 1 of the project"
git branch -M main
git remote add origin https://github.com/sanaa-ennaji/EcoMove1.2.git
git push -u origin main 
git add .
git commit -m "add reservation and cleint tablets to database"
git push -u origin main 
git add .
git commit -m "add client and reservation entity"
git add .
git commit -m "add "update the sql"

git commit -m "add "update the sql"

git commit -m "update sql"
git add .
git commit -m "update billet add depart destination distance"
git push
git add .
git commit -m "add client entity"
git push
git add .
git commit -m "add client dao"
git push
git add .
git commit -m "update reservation object with ArrayList"
git push
git add .
git commit -m "add chier de charge to readme"
git push
git add .
git commit -m "add chier de charge to readme"
git push
git add .
git commit -m "add interface client"

git add .
git commit -m "working client service"
git push
git add .
git commit -m "wmodefy the reservation"
git add .
git commit -m "modefy an implementation"
git push
git add .
git commit -m "client UI"
git push
git add .
git commit -m "client login"
git push
git add .
git commit -m "client login"
git push
git commit -m "client login and register done"
git add .
git commit -m "client login and register done"

git add .
git commit -m "update billet Entity with new attributes"
git add .
git commit -m "add diagramme"
git push
git add .
git commit -m "add diagramme"
git push
git add .
git commit -m "add getters and setters to billet model"
git log
